[0m21:34:03.091515 [debug] [MainThread]: Sending event: {'category': 'dbt', 'action': 'invocation', 'label': 'start', 'context': [<snowplow_tracker.self_describing_json.SelfDescribingJson object at 0x000001E09BE7BBD0>, <snowplow_tracker.self_describing_json.SelfDescribingJson object at 0x000001E09BE7A0D0>, <snowplow_tracker.self_describing_json.SelfDescribingJson object at 0x000001E09BE7BB10>]}


============================== 21:34:03.091515 | 7ef7881b-4df2-47aa-b4bb-3d47d448c080 ==============================
[0m21:34:03.091515 [info ] [MainThread]: Running with dbt=1.14.0-a1
[0m21:34:03.091515 [debug] [MainThread]: running dbt with arguments {'version_check': 'True', 'no_print': 'None', 'maximum_seed_size_mib': '1', 'warn_error_options': 'WarnErrorOptionsV2(error=[], warn=[], silence=[])', 'target_path': 'None', 'static_parser': 'True', 'printer_width': '80', 'write_json': 'True', 'empty': 'None', 'log_cache_events': 'False', 'introspect': 'True', 'cache_selected_only': 'False', 'log_format': 'default', 'debug': 'False', 'fail_fast': 'False', 'partial_parse': 'True', 'send_anonymous_usage_stats': 'True', 'quiet': 'False', 'warn_error': 'None', 'profiles_dir': 'C:\\Users\\tomerabraham\\.dbt', 'invocation_command': 'dbt debug', 'hints_enabled': 'True', 'indirect_selection': 'eager', 'use_experimental_parser': 'False', 'use_colors': 'True', 'log_path': 'logs'}
[0m21:34:03.107615 [debug] [MainThread]: Tracking: tracking
[0m21:34:03.123849 [info ] [MainThread]: dbt version: 1.14.0-a1
[0m21:34:03.123849 [info ] [MainThread]: python version: 3.11.9
[0m21:34:03.124969 [info ] [MainThread]: python path: c:\Users\tomerabraham\ta_dbt_project\dbt_env\dbt-dag\.venv\Scripts\python.exe
[0m21:34:03.124969 [info ] [MainThread]: os info: Windows-10-10.0.26200-SP0
[0m21:34:03.879049 [debug] [MainThread]: Snowflake adapter: Setting snowflake.connector to ERROR (file logging only)
[0m21:34:03.879049 [debug] [MainThread]: Snowflake adapter: Setting botocore to ERROR (file logging only)
[0m21:34:03.879049 [debug] [MainThread]: Snowflake adapter: Setting boto3 to ERROR (file logging only)
[0m21:34:03.974645 [info ] [MainThread]: Using profiles dir at C:\Users\tomerabraham\.dbt
[0m21:34:03.974645 [info ] [MainThread]: Using profiles.yml file at C:\Users\tomerabraham\.dbt\profiles.yml
[0m21:34:03.974645 [info ] [MainThread]: Using dbt_project.yml file at C:\Users\tomerabraham\ta_dbt_project\dbt_env\dbt-dag\dbt_project.yml
[0m21:34:03.974645 [info ] [MainThread]: adapter type: snowflake
[0m21:34:03.974645 [info ] [MainThread]: adapter version: 1.12.0rc1
[0m21:34:03.974645 [info ] [MainThread]: Configuration:
[0m21:34:03.974645 [info ] [MainThread]:   profiles.yml file [[32mOK found and valid[0m]
[0m21:34:03.974645 [info ] [MainThread]:   dbt_project.yml file [[31mERROR not found[0m]
[0m21:34:03.974645 [info ] [MainThread]: Required dependencies:
[0m21:34:03.974645 [debug] [MainThread]: Executing "git --help"
[0m21:34:04.013712 [debug] [MainThread]: STDOUT: "b"usage: git [-v | --version] [-h | --help] [-C <path>] [-c <name>=<value>]\n           [--exec-path[=<path>]] [--html-path] [--man-path] [--info-path]\n           [-p | --paginate | -P | --no-pager] [--no-replace-objects] [--no-lazy-fetch]\n           [--no-optional-locks] [--no-advice] [--bare] [--git-dir=<path>]\n           [--work-tree=<path>] [--namespace=<name>] [--config-env=<name>=<envvar>]\n           <command> [<args>]\n\nThese are common Git commands used in various situations:\n\nstart a working area (see also: git help tutorial)\n   clone      Clone a repository into a new directory\n   init       Create an empty Git repository or reinitialize an existing one\n\nwork on the current change (see also: git help everyday)\n   add        Add file contents to the index\n   mv         Move or rename a file, a directory, or a symlink\n   restore    Restore working tree files\n   rm         Remove files from the working tree and from the index\n\nexamine the history and state (see also: git help revisions)\n   bisect     Use binary search to find the commit that introduced a bug\n   diff       Show changes between commits, commit and working tree, etc\n   grep       Print lines matching a pattern\n   log        Show commit logs\n   show       Show various types of objects\n   status     Show the working tree status\n\ngrow, mark and tweak your common history\n   backfill   Download missing objects in a partial clone\n   branch     List, create, or delete branches\n   commit     Record changes to the repository\n   history    EXPERIMENTAL: Rewrite history\n   merge      Join two or more development histories together\n   rebase     Reapply commits on top of another base tip\n   reset      Set `HEAD` or the index to a known state\n   switch     Switch branches\n   tag        Create, list, delete or verify tags\n\ncollaborate (see also: git help workflows)\n   fetch      Download objects and refs from another repository\n   pull       Fetch from and integrate with another repository or a local branch\n   push       Update remote refs along with associated objects\n\n'git help -a' and 'git help -g' list available subcommands and some\nconcept guides. See 'git help <command>' or 'git help <concept>'\nto read about a specific subcommand or concept.\nSee 'git help git' for an overview of the system.\n""
[0m21:34:04.013712 [debug] [MainThread]: STDERR: "b''"
[0m21:34:04.013712 [info ] [MainThread]:  - git [[32mOK found[0m]

[0m21:34:04.013712 [info ] [MainThread]: Connection:
[0m21:34:04.013712 [info ] [MainThread]:   account: nz10113.australia-east.azure
[0m21:34:04.013712 [info ] [MainThread]:   user: abtomer1
[0m21:34:04.013712 [info ] [MainThread]:   database: ta_dbt_db
[0m21:34:04.013712 [info ] [MainThread]:   warehouse: ta_dbt_project
[0m21:34:04.013712 [info ] [MainThread]:   role: ta_dbt_role
[0m21:34:04.013712 [info ] [MainThread]:   schema: schema_1
[0m21:34:04.013712 [info ] [MainThread]:   authenticator: None
[0m21:34:04.013712 [info ] [MainThread]:   oauth_client_id: None
[0m21:34:04.013712 [info ] [MainThread]:   query_tag: None
[0m21:34:04.013712 [info ] [MainThread]:   client_session_keep_alive: False
[0m21:34:04.013712 [info ] [MainThread]:   host: None
[0m21:34:04.013712 [info ] [MainThread]:   port: None
[0m21:34:04.013712 [info ] [MainThread]:   proxy_host: None
[0m21:34:04.013712 [info ] [MainThread]:   proxy_port: None
[0m21:34:04.013712 [info ] [MainThread]:   protocol: None
[0m21:34:04.023233 [info ] [MainThread]:   connect_retries: 1
[0m21:34:04.023233 [info ] [MainThread]:   connect_timeout: None
[0m21:34:04.024262 [info ] [MainThread]:   retry_on_database_errors: False
[0m21:34:04.024262 [info ] [MainThread]:   retry_all: False
[0m21:34:04.024262 [info ] [MainThread]:   insecure_mode: False
[0m21:34:04.025243 [info ] [MainThread]:   reuse_connections: True
[0m21:34:04.025243 [info ] [MainThread]:   s3_stage_vpce_dns_name: None
[0m21:34:04.026241 [info ] [MainThread]:   workload_identity_provider: None
[0m21:34:04.026890 [info ] [MainThread]:   workload_identity_entra_resource: None
[0m21:34:04.026890 [info ] [MainThread]:   platform_detection_timeout_seconds: 0.0
[0m21:34:04.026890 [info ] [MainThread]: Registered adapter: snowflake=1.12.0-rc1
[0m21:34:04.361919 [debug] [MainThread]: Acquiring new snowflake connection 'debug'
[0m21:34:04.361919 [debug] [MainThread]: Using snowflake connection "debug"
[0m21:34:04.361919 [debug] [MainThread]: On debug: select 1 as id
[0m21:34:04.361919 [debug] [MainThread]: Opening a new connection, currently in state init
[0m21:34:04.361919 [debug] [MainThread]: Snowflake adapter: Error running SQL: select 1 as id
[0m21:34:04.361919 [debug] [MainThread]: Snowflake adapter: Rolling back transaction.
[0m21:34:04.361919 [info ] [MainThread]:   Connection test: [[31mERROR[0m]

[0m21:34:04.361919 [info ] [MainThread]: [31m2 checks failed:[0m
[0m21:34:04.361919 [info ] [MainThread]: Project loading failed for the following reason:
 project path <C:\Users\tomerabraham\ta_dbt_project\dbt_env\dbt-dag\dbt_project.yml> not found

[0m21:34:04.361919 [info ] [MainThread]: dbt was unable to connect to the specified database.
The database returned the following error:

  >Database Error
  [Errno 2] No such file or directory: 'C:/Users/tomer/.snowflake/snowflake_dbt_key.p8'

Check your database credentials and try again. For more information, visit:
https://docs.getdbt.com/docs/configure-your-profile


[0m21:34:04.361919 [debug] [MainThread]: Command `dbt debug` failed at 21:34:04.361919 after 1.36 seconds
[0m21:34:04.361919 [debug] [MainThread]: Connection 'debug' was left open.
[0m21:34:04.361919 [debug] [MainThread]: On debug: No close available on handle
[0m21:34:04.361919 [debug] [MainThread]: Sending event: {'category': 'dbt', 'action': 'invocation', 'label': 'end', 'context': [<snowplow_tracker.self_describing_json.SelfDescribingJson object at 0x000001E093C263D0>, <snowplow_tracker.self_describing_json.SelfDescribingJson object at 0x000001E0B292D0D0>, <snowplow_tracker.self_describing_json.SelfDescribingJson object at 0x000001E09BE89610>]}
[0m21:34:04.361919 [debug] [MainThread]: Flushing usage events
[0m21:34:05.444059 [debug] [MainThread]: An error was encountered while trying to flush usage events
[0m21:48:11.117979 [debug] [MainThread]: Sending event: {'category': 'dbt', 'action': 'invocation', 'label': 'start', 'context': [<snowplow_tracker.self_describing_json.SelfDescribingJson object at 0x0000028DBAAE0390>, <snowplow_tracker.self_describing_json.SelfDescribingJson object at 0x0000028DBAB16F50>, <snowplow_tracker.self_describing_json.SelfDescribingJson object at 0x0000028DBAADA0D0>]}


============================== 21:48:11.117979 | f2cd7e16-8882-4d1c-9e26-f206774ca628 ==============================
[0m21:48:11.117979 [info ] [MainThread]: Running with dbt=1.14.0-a1
[0m21:48:11.117979 [debug] [MainThread]: running dbt with arguments {'static_parser': 'True', 'no_print': 'None', 'version_check': 'True', 'target_path': 'None', 'warn_error_options': 'WarnErrorOptionsV2(error=[], warn=[], silence=[])', 'maximum_seed_size_mib': '1', 'printer_width': '80', 'write_json': 'True', 'empty': 'None', 'log_cache_events': 'False', 'introspect': 'True', 'cache_selected_only': 'False', 'log_format': 'default', 'debug': 'False', 'fail_fast': 'False', 'partial_parse': 'True', 'send_anonymous_usage_stats': 'True', 'quiet': 'False', 'warn_error': 'None', 'profiles_dir': 'C:\\Users\\tomerabraham\\.dbt', 'indirect_selection': 'eager', 'hints_enabled': 'True', 'invocation_command': 'dbt debug', 'use_experimental_parser': 'False', 'use_colors': 'True', 'log_path': 'logs'}
[0m21:48:11.117979 [debug] [MainThread]: Tracking: tracking
[0m21:48:11.134132 [info ] [MainThread]: dbt version: 1.14.0-a1
[0m21:48:11.134132 [info ] [MainThread]: python version: 3.11.9
[0m21:48:11.134132 [info ] [MainThread]: python path: c:\Users\tomerabraham\ta_dbt_project\dbt_env\dbt-dag\.venv\Scripts\python.exe
[0m21:48:11.147870 [info ] [MainThread]: os info: Windows-10-10.0.26200-SP0
[0m21:48:11.966921 [debug] [MainThread]: Snowflake adapter: Setting snowflake.connector to ERROR (file logging only)
[0m21:48:11.966921 [debug] [MainThread]: Snowflake adapter: Setting botocore to ERROR (file logging only)
[0m21:48:11.966921 [debug] [MainThread]: Snowflake adapter: Setting boto3 to ERROR (file logging only)
[0m21:48:12.068851 [info ] [MainThread]: Using profiles dir at C:\Users\tomerabraham\.dbt
[0m21:48:12.068851 [info ] [MainThread]: Using profiles.yml file at C:\Users\tomerabraham\.dbt\profiles.yml
[0m21:48:12.068851 [info ] [MainThread]: Using dbt_project.yml file at C:\Users\tomerabraham\ta_dbt_project\dbt_env\dbt-dag\dbt_project.yml
[0m21:48:12.068851 [info ] [MainThread]: adapter type: snowflake
[0m21:48:12.068851 [info ] [MainThread]: adapter version: 1.12.0rc1
[0m21:48:12.068851 [info ] [MainThread]: Configuration:
[0m21:48:12.068851 [info ] [MainThread]:   profiles.yml file [[32mOK found and valid[0m]
[0m21:48:12.068851 [info ] [MainThread]:   dbt_project.yml file [[31mERROR not found[0m]
[0m21:48:12.068851 [info ] [MainThread]: Required dependencies:
[0m21:48:12.068851 [debug] [MainThread]: Executing "git --help"
[0m21:48:12.097309 [debug] [MainThread]: STDOUT: "b"usage: git [-v | --version] [-h | --help] [-C <path>] [-c <name>=<value>]\n           [--exec-path[=<path>]] [--html-path] [--man-path] [--info-path]\n           [-p | --paginate | -P | --no-pager] [--no-replace-objects] [--no-lazy-fetch]\n           [--no-optional-locks] [--no-advice] [--bare] [--git-dir=<path>]\n           [--work-tree=<path>] [--namespace=<name>] [--config-env=<name>=<envvar>]\n           <command> [<args>]\n\nThese are common Git commands used in various situations:\n\nstart a working area (see also: git help tutorial)\n   clone      Clone a repository into a new directory\n   init       Create an empty Git repository or reinitialize an existing one\n\nwork on the current change (see also: git help everyday)\n   add        Add file contents to the index\n   mv         Move or rename a file, a directory, or a symlink\n   restore    Restore working tree files\n   rm         Remove files from the working tree and from the index\n\nexamine the history and state (see also: git help revisions)\n   bisect     Use binary search to find the commit that introduced a bug\n   diff       Show changes between commits, commit and working tree, etc\n   grep       Print lines matching a pattern\n   log        Show commit logs\n   show       Show various types of objects\n   status     Show the working tree status\n\ngrow, mark and tweak your common history\n   backfill   Download missing objects in a partial clone\n   branch     List, create, or delete branches\n   commit     Record changes to the repository\n   history    EXPERIMENTAL: Rewrite history\n   merge      Join two or more development histories together\n   rebase     Reapply commits on top of another base tip\n   reset      Set `HEAD` or the index to a known state\n   switch     Switch branches\n   tag        Create, list, delete or verify tags\n\ncollaborate (see also: git help workflows)\n   fetch      Download objects and refs from another repository\n   pull       Fetch from and integrate with another repository or a local branch\n   push       Update remote refs along with associated objects\n\n'git help -a' and 'git help -g' list available subcommands and some\nconcept guides. See 'git help <command>' or 'git help <concept>'\nto read about a specific subcommand or concept.\nSee 'git help git' for an overview of the system.\n""
[0m21:48:12.097309 [debug] [MainThread]: STDERR: "b''"
[0m21:48:12.112317 [info ] [MainThread]:  - git [[32mOK found[0m]

[0m21:48:12.112317 [info ] [MainThread]: Connection:
[0m21:48:12.113747 [info ] [MainThread]:   account: nz10113.australia-east.azure
[0m21:48:12.113747 [info ] [MainThread]:   user: abtomer1
[0m21:48:12.113747 [info ] [MainThread]:   database: ta_dbt_dbcd "$HOME\.snowflake"
[0m21:48:12.113747 [info ] [MainThread]:   warehouse: ta_dbt_project
[0m21:48:12.113747 [info ] [MainThread]:   role: ta_dbt_role
[0m21:48:12.113747 [info ] [MainThread]:   schema: schema_1
[0m21:48:12.113747 [info ] [MainThread]:   authenticator: None
[0m21:48:12.113747 [info ] [MainThread]:   oauth_client_id: None
[0m21:48:12.113747 [info ] [MainThread]:   query_tag: None
[0m21:48:12.113747 [info ] [MainThread]:   client_session_keep_alive: False
[0m21:48:12.113747 [info ] [MainThread]:   host: None
[0m21:48:12.119105 [info ] [MainThread]:   port: None
[0m21:48:12.119640 [info ] [MainThread]:   proxy_host: None
[0m21:48:12.119640 [info ] [MainThread]:   proxy_port: None
[0m21:48:12.120653 [info ] [MainThread]:   protocol: None
[0m21:48:12.120653 [info ] [MainThread]:   connect_retries: 1
[0m21:48:12.121654 [info ] [MainThread]:   connect_timeout: None
[0m21:48:12.121654 [info ] [MainThread]:   retry_on_database_errors: False
[0m21:48:12.121654 [info ] [MainThread]:   retry_all: False
[0m21:48:12.121654 [info ] [MainThread]:   insecure_mode: False
[0m21:48:12.123045 [info ] [MainThread]:   reuse_connections: True
[0m21:48:12.123045 [info ] [MainThread]:   s3_stage_vpce_dns_name: None
[0m21:48:12.123045 [info ] [MainThread]:   workload_identity_provider: None
[0m21:48:12.123045 [info ] [MainThread]:   workload_identity_entra_resource: None
[0m21:48:12.123045 [info ] [MainThread]:   platform_detection_timeout_seconds: 0.0
[0m21:48:12.123045 [info ] [MainThread]: Registered adapter: snowflake=1.12.0-rc1
[0m21:48:12.530631 [debug] [MainThread]: Acquiring new snowflake connection 'debug'
[0m21:48:12.530631 [debug] [MainThread]: Using snowflake connection "debug"
[0m21:48:12.530631 [debug] [MainThread]: On debug: select 1 as id
[0m21:48:12.530631 [debug] [MainThread]: Opening a new connection, currently in state init
[0m21:48:12.979474 [debug] [MainThread]: SQL status: SUCCESS 1 in 0.443 seconds
[0m21:48:12.979474 [info ] [MainThread]:   Connection test: [[32mOK connection ok[0m]

[0m21:48:12.979474 [info ] [MainThread]: [31m1 check failed:[0m
[0m21:48:12.979474 [info ] [MainThread]: Project loading failed for the following reason:
 project path <C:\Users\tomerabraham\ta_dbt_project\dbt_env\dbt-dag\dbt_project.yml> not found

[0m21:48:12.979474 [debug] [MainThread]: Command `dbt debug` failed at 21:48:12.979474 after 1.95 seconds
[0m21:48:12.979474 [debug] [MainThread]: Connection 'debug' was left open.
[0m21:48:12.979474 [debug] [MainThread]: On debug: Close
[0m21:48:13.078985 [debug] [MainThread]: Sending event: {'category': 'dbt', 'action': 'invocation', 'label': 'end', 'context': [<snowplow_tracker.self_describing_json.SelfDescribingJson object at 0x0000028DB28963D0>, <snowplow_tracker.self_describing_json.SelfDescribingJson object at 0x0000028DD42D3510>, <snowplow_tracker.self_describing_json.SelfDescribingJson object at 0x0000028DD442C450>]}
[0m21:48:13.078985 [debug] [MainThread]: Flushing usage events
[0m21:48:14.145057 [debug] [MainThread]: An error was encountered while trying to flush usage events
[0m21:48:41.080074 [debug] [MainThread]: Sending event: {'category': 'dbt', 'action': 'invocation', 'label': 'start', 'context': [<snowplow_tracker.self_describing_json.SelfDescribingJson object at 0x00000237BACCF050>, <snowplow_tracker.self_describing_json.SelfDescribingJson object at 0x00000237BAD90F50>, <snowplow_tracker.self_describing_json.SelfDescribingJson object at 0x00000237BAD8A0D0>]}


============================== 21:48:41.080074 | 5ba8da65-5311-4a54-b581-0402331522db ==============================
[0m21:48:41.080074 [info ] [MainThread]: Running with dbt=1.14.0-a1
[0m21:48:41.080074 [debug] [MainThread]: running dbt with arguments {'maximum_seed_size_mib': '1', 'no_print': 'None', 'version_check': 'True', 'warn_error_options': 'WarnErrorOptionsV2(error=[], warn=[], silence=[])', 'target_path': 'None', 'static_parser': 'True', 'printer_width': '80', 'write_json': 'True', 'introspect': 'True', 'log_cache_events': 'False', 'empty': 'None', 'cache_selected_only': 'False', 'log_format': 'default', 'debug': 'False', 'fail_fast': 'False', 'profiles_dir': 'C:\\Users\\tomerabraham\\.dbt', 'send_anonymous_usage_stats': 'True', 'quiet': 'False', 'warn_error': 'None', 'partial_parse': 'True', 'indirect_selection': 'eager', 'hints_enabled': 'True', 'invocation_command': 'dbt debug', 'use_experimental_parser': 'False', 'use_colors': 'True', 'log_path': 'logs'}
[0m21:48:41.080074 [debug] [MainThread]: Tracking: tracking
[0m21:48:41.105047 [info ] [MainThread]: dbt version: 1.14.0-a1
[0m21:48:41.106438 [info ] [MainThread]: python version: 3.11.9
[0m21:48:41.106438 [info ] [MainThread]: python path: c:\Users\tomerabraham\ta_dbt_project\dbt_env\dbt-dag\.venv\Scripts\python.exe
[0m21:48:41.106438 [info ] [MainThread]: os info: Windows-10-10.0.26200-SP0
[0m21:48:41.849733 [debug] [MainThread]: Snowflake adapter: Setting snowflake.connector to ERROR (file logging only)
[0m21:48:41.849733 [debug] [MainThread]: Snowflake adapter: Setting botocore to ERROR (file logging only)
[0m21:48:41.849733 [debug] [MainThread]: Snowflake adapter: Setting boto3 to ERROR (file logging only)
[0m21:48:41.938453 [info ] [MainThread]: Using profiles dir at C:\Users\tomerabraham\.dbt
[0m21:48:41.938453 [info ] [MainThread]: Using profiles.yml file at C:\Users\tomerabraham\.dbt\profiles.yml
[0m21:48:41.938453 [info ] [MainThread]: Using dbt_project.yml file at C:\Users\tomerabraham\ta_dbt_project\dbt_env\dbt-dag\dbt_project.yml
[0m21:48:41.938453 [info ] [MainThread]: adapter type: snowflake
[0m21:48:41.938453 [info ] [MainThread]: adapter version: 1.12.0rc1
[0m21:48:41.938453 [info ] [MainThread]: Configuration:
[0m21:48:41.938453 [info ] [MainThread]:   profiles.yml file [[32mOK found and valid[0m]
[0m21:48:41.938453 [info ] [MainThread]:   dbt_project.yml file [[31mERROR not found[0m]
[0m21:48:41.938453 [info ] [MainThread]: Required dependencies:
[0m21:48:41.938453 [debug] [MainThread]: Executing "git --help"
[0m21:48:41.988731 [debug] [MainThread]: STDOUT: "b"usage: git [-v | --version] [-h | --help] [-C <path>] [-c <name>=<value>]\n           [--exec-path[=<path>]] [--html-path] [--man-path] [--info-path]\n           [-p | --paginate | -P | --no-pager] [--no-replace-objects] [--no-lazy-fetch]\n           [--no-optional-locks] [--no-advice] [--bare] [--git-dir=<path>]\n           [--work-tree=<path>] [--namespace=<name>] [--config-env=<name>=<envvar>]\n           <command> [<args>]\n\nThese are common Git commands used in various situations:\n\nstart a working area (see also: git help tutorial)\n   clone      Clone a repository into a new directory\n   init       Create an empty Git repository or reinitialize an existing one\n\nwork on the current change (see also: git help everyday)\n   add        Add file contents to the index\n   mv         Move or rename a file, a directory, or a symlink\n   restore    Restore working tree files\n   rm         Remove files from the working tree and from the index\n\nexamine the history and state (see also: git help revisions)\n   bisect     Use binary search to find the commit that introduced a bug\n   diff       Show changes between commits, commit and working tree, etc\n   grep       Print lines matching a pattern\n   log        Show commit logs\n   show       Show various types of objects\n   status     Show the working tree status\n\ngrow, mark and tweak your common history\n   backfill   Download missing objects in a partial clone\n   branch     List, create, or delete branches\n   commit     Record changes to the repository\n   history    EXPERIMENTAL: Rewrite history\n   merge      Join two or more development histories together\n   rebase     Reapply commits on top of another base tip\n   reset      Set `HEAD` or the index to a known state\n   switch     Switch branches\n   tag        Create, list, delete or verify tags\n\ncollaborate (see also: git help workflows)\n   fetch      Download objects and refs from another repository\n   pull       Fetch from and integrate with another repository or a local branch\n   push       Update remote refs along with associated objects\n\n'git help -a' and 'git help -g' list available subcommands and some\nconcept guides. See 'git help <command>' or 'git help <concept>'\nto read about a specific subcommand or concept.\nSee 'git help git' for an overview of the system.\n""
[0m21:48:41.989318 [debug] [MainThread]: STDERR: "b''"
[0m21:48:41.989318 [info ] [MainThread]:  - git [[32mOK found[0m]

[0m21:48:41.989318 [info ] [MainThread]: Connection:
[0m21:48:41.989318 [info ] [MainThread]:   account: nz10113.australia-east.azure
[0m21:48:41.989318 [info ] [MainThread]:   user: abtomer1
[0m21:48:41.989318 [info ] [MainThread]:   database: ta_dbt_dbcd "$HOME\.snowflake"
[0m21:48:41.989318 [info ] [MainThread]:   warehouse: ta_dbt_project
[0m21:48:41.989318 [info ] [MainThread]:   role: ta_dbt_role
[0m21:48:41.989318 [info ] [MainThread]:   schema: schema_1
[0m21:48:41.989318 [info ] [MainThread]:   authenticator: None
[0m21:48:41.989318 [info ] [MainThread]:   oauth_client_id: None
[0m21:48:41.989318 [info ] [MainThread]:   query_tag: None
[0m21:48:41.989318 [info ] [MainThread]:   client_session_keep_alive: False
[0m21:48:41.989318 [info ] [MainThread]:   host: None
[0m21:48:41.989318 [info ] [MainThread]:   port: None
[0m21:48:41.989318 [info ] [MainThread]:   proxy_host: None
[0m21:48:41.989318 [info ] [MainThread]:   proxy_port: None
[0m21:48:41.989318 [info ] [MainThread]:   protocol: None
[0m21:48:41.997188 [info ] [MainThread]:   connect_retries: 1
[0m21:48:41.997188 [info ] [MainThread]:   connect_timeout: None
[0m21:48:41.997188 [info ] [MainThread]:   retry_on_database_errors: False
[0m21:48:41.998208 [info ] [MainThread]:   retry_all: False
[0m21:48:41.998208 [info ] [MainThread]:   insecure_mode: False
[0m21:48:41.999196 [info ] [MainThread]:   reuse_connections: True
[0m21:48:41.999196 [info ] [MainThread]:   s3_stage_vpce_dns_name: None
[0m21:48:41.999196 [info ] [MainThread]:   workload_identity_provider: None
[0m21:48:42.000195 [info ] [MainThread]:   workload_identity_entra_resource: None
[0m21:48:42.000195 [info ] [MainThread]:   platform_detection_timeout_seconds: 0.0
[0m21:48:42.001107 [info ] [MainThread]: Registered adapter: snowflake=1.12.0-rc1
[0m21:48:42.295084 [debug] [MainThread]: Acquiring new snowflake connection 'debug'
[0m21:48:42.295084 [debug] [MainThread]: Using snowflake connection "debug"
[0m21:48:42.295084 [debug] [MainThread]: On debug: select 1 as id
[0m21:48:42.295084 [debug] [MainThread]: Opening a new connection, currently in state init
[0m21:48:42.823730 [debug] [MainThread]: SQL status: SUCCESS 1 in 0.524 seconds
[0m21:48:42.823730 [info ] [MainThread]:   Connection test: [[32mOK connection ok[0m]

[0m21:48:42.823730 [info ] [MainThread]: [31m1 check failed:[0m
[0m21:48:42.823730 [info ] [MainThread]: Project loading failed for the following reason:
 project path <C:\Users\tomerabraham\ta_dbt_project\dbt_env\dbt-dag\dbt_project.yml> not found

[0m21:48:42.823730 [debug] [MainThread]: Command `dbt debug` failed at 21:48:42.823730 after 1.83 seconds
[0m21:48:42.823730 [debug] [MainThread]: Connection 'debug' was left open.
[0m21:48:42.823730 [debug] [MainThread]: On debug: Close
[0m21:48:42.905900 [debug] [MainThread]: Sending event: {'category': 'dbt', 'action': 'invocation', 'label': 'end', 'context': [<snowplow_tracker.self_describing_json.SelfDescribingJson object at 0x00000237BACCF1D0>, <snowplow_tracker.self_describing_json.SelfDescribingJson object at 0x00000237D1416E10>, <snowplow_tracker.self_describing_json.SelfDescribingJson object at 0x00000237BABBD890>]}
[0m21:48:42.905900 [debug] [MainThread]: Flushing usage events
[0m21:48:43.993381 [debug] [MainThread]: An error was encountered while trying to flush usage events
